// Jest Snapshot v1, https://goo.gl/fbAQLP

exports[`Welcome Screen renders correctly 1`] = `
<View
  style={
    {
      "flex": 1,
    }
  }
>
  <View
    accessibilityIgnoresInvertColors={true}
    style={
      {
        "flex": 1,
      }
    }
  >
    <Image
      resizeMode="cover"
      source={
        {
          "uri": "https://www.themoviedb.org/t/p/original/JFDrOxBFxeJrALLKWHWcM8i1sp.jpg",
        }
      }
      style={
        [
          {
            "bottom": 0,
            "left": 0,
            "position": "absolute",
            "right": 0,
            "top": 0,
          },
          {
            "height": undefined,
            "width": undefined,
          },
          undefined,
        ]
      }
    />
    <View
      style={
        {
          "alignItems": "center",
          "backgroundColor": "rgba(0,0,0, 0.40)",
          "flex": 1,
          "justifyContent": "center",
          "padding": 20,
        }
      }
    >
      <Text
        style={
          {
            "color": "#FFFFFF",
            "fontFamily": "GilroyBold",
            "fontSize": 24,
            "height": 100,
          }
        }
      >
        Welcome!
      </Text>
      <View
        accessibilityState={
          {
            "busy": undefined,
            "checked": undefined,
            "disabled": undefined,
            "expanded": undefined,
            "selected": undefined,
          }
        }
        accessibilityValue={
          {
            "max": undefined,
            "min": undefined,
            "now": undefined,
            "text": undefined,
          }
        }
        accessible={true}
        collapsable={false}
        focusable={true}
        onBlur={[Function]}
        onClick={[Function]}
        onFocus={[Function]}
        onResponderGrant={[Function]}
        onResponderMove={[Function]}
        onResponderRelease={[Function]}
        onResponderTerminate={[Function]}
        onResponderTerminationRequest={[Function]}
        onStartShouldSetResponder={[Function]}
        style={
          [
            {
              "alignItems": "center",
              "borderRadius": 25,
              "marginVertical": 15,
              "padding": 15,
              "width": 200,
            },
            {
              "backgroundColor": "#FFD233",
            },
          ]
        }
      >
        <Text
          style={
            [
              {
                "fontFamily": "Gilroy",
                "fontSize": 18,
              },
              undefined,
            ]
          }
        >
          Sign up
        </Text>
      </View>
      <View
        accessibilityState={
          {
            "busy": undefined,
            "checked": undefined,
            "disabled": undefined,
            "expanded": undefined,
            "selected": undefined,
          }
        }
        accessibilityValue={
          {
            "max": undefined,
            "min": undefined,
            "now": undefined,
            "text": undefined,
          }
        }
        accessible={true}
        collapsable={false}
        focusable={true}
        onBlur={[Function]}
        onClick={[Function]}
        onFocus={[Function]}
        onResponderGrant={[Function]}
        onResponderMove={[Function]}
        onResponderRelease={[Function]}
        onResponderTerminate={[Function]}
        onResponderTerminationRequest={[Function]}
        onStartShouldSetResponder={[Function]}
        style={
          [
            {
              "alignItems": "center",
              "borderRadius": 25,
              "marginVertical": 15,
              "padding": 15,
              "width": 200,
            },
            {
              "backgroundColor": "#FFFFFF",
            },
          ]
        }
      >
        <Text
          style={
            [
              {
                "fontFamily": "Gilroy",
                "fontSize": 18,
              },
              undefined,
            ]
          }
        >
          Log in
        </Text>
      </View>
      <View
        accessibilityState={
          {
            "busy": undefined,
            "checked": undefined,
            "disabled": undefined,
            "expanded": undefined,
            "selected": undefined,
          }
        }
        accessibilityValue={
          {
            "max": undefined,
            "min": undefined,
            "now": undefined,
            "text": undefined,
          }
        }
        accessible={true}
        collapsable={false}
        focusable={true}
        onBlur={[Function]}
        onClick={[Function]}
        onFocus={[Function]}
        onResponderGrant={[Function]}
        onResponderMove={[Function]}
        onResponderRelease={[Function]}
        onResponderTerminate={[Function]}
        onResponderTerminationRequest={[Function]}
        onStartShouldSetResponder={[Function]}
        style={
          [
            {
              "alignItems": "center",
              "borderRadius": 25,
              "marginVertical": 15,
              "padding": 15,
              "width": 200,
            },
            {
              "width": "100%",
            },
          ]
        }
      >
        <Text
          style={
            [
              {
                "fontFamily": "Gilroy",
                "fontSize": 18,
              },
              {
                "color": "#8C8C8C",
                "fontFamily": "Gilroy",
                "textDecorationLine": "underline",
              },
            ]
          }
        >
          Forgot password?
        </Text>
      </View>
      <Modal
        animationType="slide"
        hardwareAccelerated={false}
        transparent={true}
        visible={false}
      />
    </View>
  </View>
</View>
`;
